python : test_convert_
video_returns_false_on
_exception (tests.test
_videoconvert_fix.Test
VideoConvertFix.test_c
onvert_video_returns_f
alse_on_exception) 
... ERROR
Au caractère Ligne:1 
: 1
+ python -m unittest 
-v tests/test_videocon
vert_fix.py > 
test_output.tx ...
+ ~~~~~~~~~~~~~~~~~~~~
~~~~~~~~~~~~~~~~~~~~~~
~~~~~~~~~~~~~~~~~~~~~~
~~~~~
    + CategoryInfo    
          : NotSpeci  
  fied: (test_conve   
 rt_vi...tion) ...    
 ERROR:String) []    
, RemoteException
    + FullyQualifiedE 
   rrorId : NativeCo  
  mmandError
 
test_start_conversion_
failure_handling (test
s.test_videoconvert_fi
x.TestVideoConvertFix.
test_start_conversion_
failure_handling) ... 
ERROR

======================
======================
======================
====
ERROR: test_convert_vi
deo_returns_false_on_e
xception (tests.test_v
ideoconvert_fix.TestVi
deoConvertFix.test_con
vert_video_returns_fal
se_on_exception)
----------------------
----------------------
----------------------
----
Traceback (most 
recent call last):
  File "C:\Users\Marc\
Documents\1G1R\Balrog 
Toolkit\Python - Modul
e\tests\test_videoconv
ert_fix.py", line 92, 
in test_convert_video_
returns_false_on_excep
tion
    import 
VideoConvert
ModuleNotFoundError: 
No module named 
'VideoConvert'

======================
======================
======================
====
ERROR: test_start_conv
ersion_failure_handlin
g (tests.test_videocon
vert_fix.TestVideoConv
ertFix.test_start_conv
ersion_failure_handlin
g)
----------------------
----------------------
----------------------
----
Traceback (most 
recent call last):
  File "C:\Users\Marc\
Documents\1G1R\Balrog 
Toolkit\Python - Modul
e\tests\test_videoconv
ert_fix.py", line 34, 
in test_start_conversi
on_failure_handling
    import 
VideoConvert
ModuleNotFoundError: 
No module named 
'VideoConvert'

----------------------
----------------------
----------------------
----
Ran 2 tests in 0.001s

FAILED (errors=2)
